c:\users\i\source\repos\kursovaya1\kursovaya1\release\vc143.pdb
c:\users\i\source\repos\kursovaya1\kursovaya1\release\reader.obj
c:\users\i\source\repos\kursovaya1\kursovaya1\release\printerr.obj
c:\users\i\source\repos\kursovaya1\kursovaya1\release\main.obj
c:\users\i\source\repos\kursovaya1\kursovaya1\release\chrono.obj
c:\users\i\source\repos\kursovaya1\kursovaya1\release\analyse.obj
c:\users\i\source\repos\kursovaya1\kursovaya1\release\lexerutils.obj
c:\users\i\source\repos\kursovaya1\kursovaya1\release\userinterface.obj
c:\users\i\source\repos\kursovaya1\release\kursovaya1.exe
c:\users\i\source\repos\kursovaya1\release\kursovaya1.pdb
c:\users\i\source\repos\kursovaya1\kursovaya1\release\kursovaya1.ipdb
c:\users\i\source\repos\kursovaya1\kursovaya1\release\kursovaya1.iobj
c:\users\i\source\repos\kursovaya1\kursovaya1\release\user.obj
c:\users\i\source\repos\kursovaya1\kursovaya1\release\kursovaya1.tlog\cl.command.1.tlog
c:\users\i\source\repos\kursovaya1\kursovaya1\release\kursovaya1.tlog\cl.items.tlog
c:\users\i\source\repos\kursovaya1\kursovaya1\release\kursovaya1.tlog\cl.read.1.tlog
c:\users\i\source\repos\kursovaya1\kursovaya1\release\kursovaya1.tlog\cl.write.1.tlog
c:\users\i\source\repos\kursovaya1\kursovaya1\release\kursovaya1.tlog\link.command.1.tlog
c:\users\i\source\repos\kursovaya1\kursovaya1\release\kursovaya1.tlog\link.read.1.tlog
c:\users\i\source\repos\kursovaya1\kursovaya1\release\kursovaya1.tlog\link.secondary.1.tlog
c:\users\i\source\repos\kursovaya1\kursovaya1\release\kursovaya1.tlog\link.write.1.tlog
